[2026-03-25 22:33:07] production.INFO: PayPal Webhook received: PAYMENT.SALE.COMPLETED {"resource_id":"4D704811EX650561G"} 
[2026-03-25 22:33:07] production.INFO: PayPal PAYMENT.SALE.COMPLETED — billing_agreement_id: I-98SYMGAC0X02  
[2026-03-25 22:33:09] production.INFO: PayPal subscription details: {"outstanding_balance":{"currency_code":"AUD","value":"0.0"},"cycle_executions":[{"tenure_type":"REGULAR","sequence":1,"cycles_completed":2,"cycles_remaining":0,"current_pricing_scheme_version":1,"total_cycles":0}],"current_cycle_sequence":1,"last_payment":{"amount":{"currency_code":"AUD","value":"5.0"},"time":"2026-03-25T11:32:47Z"},"next_billing_time":"2026-03-26T10:00:00Z","failed_payments_count":0}  
[2026-03-25 22:33:09] production.INFO: ends_at updated — user: 13b066bb-5371-45a2-8f57-d284a96f26b4 ends_at: 2026-03-26 10:00:00 source: paypal_api  
[2026-03-25 22:33:09] production.INFO: PrizeDrawEntry created — user 13b066bb-5371-45a2-8f57-d284a96f26b4 entries: 4  
[2026-03-26 23:05:59] production.INFO: PayPal Webhook received: PAYMENT.SALE.COMPLETED {"resource_id":"3GX77321BX629462K"} 
[2026-03-26 23:05:59] production.INFO: PayPal PAYMENT.SALE.COMPLETED — billing_agreement_id: I-98SYMGAC0X02  
[2026-03-26 23:06:02] production.INFO: PayPal subscription details: {"outstanding_balance":{"currency_code":"AUD","value":"0.0"},"cycle_executions":[{"tenure_type":"REGULAR","sequence":1,"cycles_completed":3,"cycles_remaining":0,"current_pricing_scheme_version":1,"total_cycles":0}],"current_cycle_sequence":1,"last_payment":{"amount":{"currency_code":"AUD","value":"5.0"},"time":"2026-03-26T12:04:53Z"},"next_billing_time":"2026-03-27T10:00:00Z","failed_payments_count":0}  
[2026-03-26 23:06:02] production.INFO: ends_at updated — user: 13b066bb-5371-45a2-8f57-d284a96f26b4 ends_at: 2026-03-27 10:00:00 source: paypal_api  
[2026-03-26 23:06:02] production.INFO: PrizeDrawEntry created — user 13b066bb-5371-45a2-8f57-d284a96f26b4 entries: 4  
[2026-03-27 17:12:49] production.INFO: ✅ Twilio message sent {"sid":"SM08c5ed4b973642f5e3be4a8b8b2541d3","status":"delivered","to":"+916280793457","image":null} 
[2026-03-27 17:13:13] production.INFO: 🔔 Unsubscribe route hit! {"token":"13b066bb-5371-45a2-8f57-d284a96f26b4","ip":"66.102.8.32","user_agent":"Mozilla/5.0 (X11; Linux x86_64) AppleWebKit/537.36 (KHTML, like Gecko) Chrome/139.0.0.0 Safari/537.36","time":"2026-03-27 17:13:13"} 
[2026-03-27 17:13:13] production.WARNING: 🤖 Bot detected, skipping unsubscribe {"ip":"66.102.8.32","user_agent":"Mozilla/5.0 (X11; Linux x86_64) AppleWebKit/537.36 (KHTML, like Gecko) Chrome/139.0.0.0 Safari/537.36"} 
[2026-03-27 22:23:37] production.INFO: PayPal Webhook received: PAYMENT.SALE.COMPLETED {"resource_id":"5GB87610H0771181S"} 
[2026-03-27 22:23:37] production.INFO: PayPal PAYMENT.SALE.COMPLETED — billing_agreement_id: I-98SYMGAC0X02  
[2026-03-27 22:23:39] production.INFO: PayPal subscription details: {"outstanding_balance":{"currency_code":"AUD","value":"0.0"},"cycle_executions":[{"tenure_type":"REGULAR","sequence":1,"cycles_completed":4,"cycles_remaining":0,"current_pricing_scheme_version":1,"total_cycles":0}],"current_cycle_sequence":1,"last_payment":{"amount":{"currency_code":"AUD","value":"5.0"},"time":"2026-03-27T11:23:18Z"},"next_billing_time":"2026-03-28T10:00:00Z","failed_payments_count":0}  
[2026-03-27 22:23:39] production.INFO: ends_at updated — user: 13b066bb-5371-45a2-8f57-d284a96f26b4 ends_at: 2026-03-28 10:00:00 source: paypal_api  
[2026-03-27 22:23:39] production.INFO: PrizeDrawEntry created — user 13b066bb-5371-45a2-8f57-d284a96f26b4 entries: 4  
[2026-03-28 21:07:17] production.INFO: PayPal Webhook received: PAYMENT.SALE.COMPLETED {"resource_id":"9C9785650H0698708"} 
[2026-03-28 21:07:17] production.INFO: PayPal PAYMENT.SALE.COMPLETED — billing_agreement_id: I-98SYMGAC0X02  
[2026-03-28 21:07:19] production.INFO: PayPal subscription details: {"outstanding_balance":{"currency_code":"AUD","value":"0.0"},"cycle_executions":[{"tenure_type":"REGULAR","sequence":1,"cycles_completed":5,"cycles_remaining":0,"current_pricing_scheme_version":1,"total_cycles":0}],"current_cycle_sequence":1,"last_payment":{"amount":{"currency_code":"AUD","value":"5.0"},"time":"2026-03-28T10:06:57Z"},"next_billing_time":"2026-03-29T10:00:00Z","failed_payments_count":0}  
[2026-03-28 21:07:19] production.INFO: ends_at updated — user: 13b066bb-5371-45a2-8f57-d284a96f26b4 ends_at: 2026-03-29 10:00:00 source: paypal_api  
[2026-03-28 21:07:19] production.INFO: PrizeDrawEntry created — user 13b066bb-5371-45a2-8f57-d284a96f26b4 entries: 4  
[2026-03-30 00:00:29] production.INFO: PayPal Webhook received: PAYMENT.SALE.COMPLETED {"resource_id":"1AW5941631802384U"} 
[2026-03-30 00:00:29] production.INFO: PayPal PAYMENT.SALE.COMPLETED — billing_agreement_id: I-98SYMGAC0X02  
[2026-03-30 00:00:32] production.INFO: PayPal subscription details: {"outstanding_balance":{"currency_code":"AUD","value":"0.0"},"cycle_executions":[{"tenure_type":"REGULAR","sequence":1,"cycles_completed":6,"cycles_remaining":0,"current_pricing_scheme_version":1,"total_cycles":0}],"current_cycle_sequence":1,"last_payment":{"amount":{"currency_code":"AUD","value":"5.0"},"time":"2026-03-29T13:00:11Z"},"next_billing_time":"2026-03-30T10:00:00Z","failed_payments_count":0}  
[2026-03-30 00:00:32] production.INFO: ends_at updated — user: 13b066bb-5371-45a2-8f57-d284a96f26b4 ends_at: 2026-03-30 10:00:00 source: paypal_api  
[2026-03-30 00:00:32] production.INFO: PrizeDrawEntry created — user 13b066bb-5371-45a2-8f57-d284a96f26b4 entries: 4  
[2026-03-30 18:15:14] production.INFO: ✅ Twilio message sent {"sid":"SM6eb441dafdffb8cad601b979cf7caa88","status":"delivered","to":"+916280793457","image":null} 
[2026-03-30 18:15:25] production.INFO: ✅ Twilio message sent {"sid":"SMafea668156855e986132c2bed1974c38","status":"delivered","to":"+916280793457","image":null} 
[2026-03-30 18:15:39] production.INFO: 🔔 Unsubscribe route hit! {"token":"13b066bb-5371-45a2-8f57-d284a96f26b4","ip":"223.178.211.157","user_agent":"GoogleMessages/20.2 facebookexternalhit/1.1 Facebot Twitterbot/1.0","time":"2026-03-30 18:15:39"} 
[2026-03-30 18:15:39] production.WARNING: 🤖 Bot detected, skipping unsubscribe {"ip":"223.178.211.157","user_agent":"GoogleMessages/20.2 facebookexternalhit/1.1 Facebot Twitterbot/1.0"} 
[2026-03-30 18:15:39] production.INFO: 🔔 Unsubscribe route hit! {"token":"13b066bb-5371-45a2-8f57-d284a96f26b4","ip":"223.178.211.157","user_agent":"GoogleMessages/20.2 facebookexternalhit/1.1 Facebot Twitterbot/1.0","time":"2026-03-30 18:15:39"} 
[2026-03-30 18:15:39] production.WARNING: 🤖 Bot detected, skipping unsubscribe {"ip":"223.178.211.157","user_agent":"GoogleMessages/20.2 facebookexternalhit/1.1 Facebot Twitterbot/1.0"} 
[2026-03-30 18:15:42] production.INFO: 🔔 Unsubscribe route hit! {"token":"13b066bb-5371-45a2-8f57-d284a96f26b4","ip":"74.125.212.169","user_agent":"Mozilla/5.0 (X11; Linux x86_64) AppleWebKit/537.36 (KHTML, like Gecko) Chrome/139.0.0.0 Safari/537.36","time":"2026-03-30 18:15:42"} 
[2026-03-30 18:15:42] production.WARNING: 🤖 Bot detected, skipping unsubscribe {"ip":"74.125.212.169","user_agent":"Mozilla/5.0 (X11; Linux x86_64) AppleWebKit/537.36 (KHTML, like Gecko) Chrome/139.0.0.0 Safari/537.36"} 
[2026-03-30 18:16:06] production.INFO: ✅ Twilio message sent {"sid":"SM621da2edd68f66a3d35587337c884670","status":"delivered","to":"+916280793457","image":null} 
[2026-03-30 18:16:15] production.INFO: 🔔 Unsubscribe route hit! {"token":"13b066bb-5371-45a2-8f57-d284a96f26b4","ip":"223.178.211.157","user_agent":"GoogleMessages/20.2 facebookexternalhit/1.1 Facebot Twitterbot/1.0","time":"2026-03-30 18:16:15"} 
[2026-03-30 18:16:15] production.WARNING: 🤖 Bot detected, skipping unsubscribe {"ip":"223.178.211.157","user_agent":"GoogleMessages/20.2 facebookexternalhit/1.1 Facebot Twitterbot/1.0"} 
[2026-03-30 18:17:06] production.INFO: ✅ Twilio message sent {"sid":"SM2701dc0099abc30ed53fc218eca6b92d","status":"delivered","to":"+916280793457","image":null} 
[2026-03-30 18:17:23] production.INFO: 🔔 Unsubscribe route hit! {"token":"13b066bb-5371-45a2-8f57-d284a96f26b4","ip":"223.178.211.157","user_agent":"GoogleMessages/20.2 facebookexternalhit/1.1 Facebot Twitterbot/1.0","time":"2026-03-30 18:17:23"} 
[2026-03-30 18:17:23] production.WARNING: 🤖 Bot detected, skipping unsubscribe {"ip":"223.178.211.157","user_agent":"GoogleMessages/20.2 facebookexternalhit/1.1 Facebot Twitterbot/1.0"} 
[2026-03-30 18:24:06] production.INFO: ✅ Twilio message sent {"sid":"SM411256e40cf8f5f8f722217e4579d9d0","status":"delivered","to":"+916280793457","image":null} 
[2026-03-30 18:24:08] production.INFO: 🔔 Unsubscribe route hit! {"token":"13b066bb-5371-45a2-8f57-d284a96f26b4","ip":"223.178.211.157","user_agent":"GoogleMessages/20.2 facebookexternalhit/1.1 Facebot Twitterbot/1.0","time":"2026-03-30 18:24:08"} 
[2026-03-30 18:24:08] production.WARNING: 🤖 Bot detected, skipping unsubscribe {"ip":"223.178.211.157","user_agent":"GoogleMessages/20.2 facebookexternalhit/1.1 Facebot Twitterbot/1.0"} 
[2026-03-30 18:33:08] production.INFO: ✅ Twilio message sent {"sid":"SMd51f6c7d9f701d908396d7bf855fd8e0","status":"delivered","to":"+916280793457","image":null} 
[2026-03-30 18:34:14] production.INFO: 🔔 Unsubscribe route hit! {"token":"13b066bb-5371-45a2-8f57-d284a96f26b4","ip":"223.178.211.157","user_agent":"GoogleMessages/20.2 facebookexternalhit/1.1 Facebot Twitterbot/1.0","time":"2026-03-30 18:34:14"} 
[2026-03-30 18:34:14] production.WARNING: 🤖 Bot detected, skipping unsubscribe {"ip":"223.178.211.157","user_agent":"GoogleMessages/20.2 facebookexternalhit/1.1 Facebot Twitterbot/1.0"} 
[2026-03-30 21:24:56] production.INFO: PayPal Webhook received: PAYMENT.SALE.COMPLETED {"resource_id":"0US03037528266247"} 
[2026-03-30 21:24:56] production.INFO: PayPal PAYMENT.SALE.COMPLETED — billing_agreement_id: I-98SYMGAC0X02  
[2026-03-30 21:24:58] production.INFO: PayPal subscription details: {"outstanding_balance":{"currency_code":"AUD","value":"0.0"},"cycle_executions":[{"tenure_type":"REGULAR","sequence":1,"cycles_completed":7,"cycles_remaining":0,"current_pricing_scheme_version":1,"total_cycles":0}],"current_cycle_sequence":1,"last_payment":{"amount":{"currency_code":"AUD","value":"5.0"},"time":"2026-03-30T10:24:34Z"},"next_billing_time":"2026-03-31T10:00:00Z","failed_payments_count":0}  
[2026-03-30 21:24:58] production.INFO: ends_at updated — user: 13b066bb-5371-45a2-8f57-d284a96f26b4 ends_at: 2026-03-31 10:00:00 source: paypal_api  
[2026-03-30 21:24:58] production.INFO: PrizeDrawEntry created — user 13b066bb-5371-45a2-8f57-d284a96f26b4 entries: 4  
[2026-03-31 14:56:31] production.INFO: ✅ Twilio message sent {"sid":"SMc7757651bca30e4c64f8b81009a52d24","status":"delivered","to":"+916280793457","image":null} 
[2026-03-31 14:59:33] production.INFO: ✅ Twilio message sent {"sid":"SM6be0bf085ff0c1c356013d24a8acf62d","status":"sent","to":"+916280793457","image":null} 
[2026-03-31 14:59:59] production.INFO: 🔔 Unsubscribe route hit! {"token":"13b066bb-5371-45a2-8f57-d284a96f26b4","ip":"66.249.88.197","user_agent":"Mozilla/5.0 (X11; Linux x86_64) AppleWebKit/537.36 (KHTML, like Gecko) Chrome/139.0.0.0 Safari/537.36","time":"2026-03-31 14:59:59"} 
[2026-03-31 14:59:59] production.WARNING: 🤖 Bot detected, skipping unsubscribe {"ip":"66.249.88.197","user_agent":"Mozilla/5.0 (X11; Linux x86_64) AppleWebKit/537.36 (KHTML, like Gecko) Chrome/139.0.0.0 Safari/537.36"} 
[2026-03-31 15:01:56] production.INFO: ✅ Twilio message sent {"sid":"SM1838fc5721a7daa9340dcafc8081806e","status":"sent","to":"+916280793457","image":null} 
[2026-03-31 15:14:37] production.INFO: ✅ Twilio message sent {"sid":"SM8a16f9f8c27b601764100bf97366dd44","status":"delivered","to":"+916280793457","image":null} 
[2026-03-31 15:26:47] production.INFO: ✅ Twilio message sent {"sid":"SM2dd46f601a9622809d48c2d55d537c12","status":"sent","to":"+917987984654","image":null} 
[2026-03-31 15:26:50] production.INFO: ✅ Twilio message sent {"sid":"SM9ce06777578433ac632aaab66734beb9","status":"sent","to":"+61424634752","image":null} 
[2026-03-31 15:26:51] production.ERROR: Twilio exception: [HTTP 400] Unable to create record: 'To' number +91123456XXXX cannot be a landline  
[2026-03-31 15:26:53] production.INFO: ✅ Twilio message sent {"sid":"SM93a06afb8746b455d55b4ddd532f613a","status":"delivered","to":"+61425757879","image":null} 
[2026-03-31 15:26:56] production.INFO: ✅ Twilio message sent {"sid":"SM9a551f88a98a175d46f4069e86cc9da8","status":"delivered","to":"+61417305911","image":null} 
[2026-03-31 15:26:56] production.ERROR: App\Helpers\PhoneHelper::detectCountry(): Argument #1 ($rawNumber) must be of type string, null given, called in /home/1476201.cloudwaysapps.com/udhewsxxeh/public_html/app/Console/Commands/WeeklyDrawReminder.php on line 100 {"exception":"[object] (TypeError(code: 0): App\\Helpers\\PhoneHelper::detectCountry(): Argument #1 ($rawNumber) must be of type string, null given, called in /home/1476201.cloudwaysapps.com/udhewsxxeh/public_html/app/Console/Commands/WeeklyDrawReminder.php on line 100 at /home/1476201.cloudwaysapps.com/udhewsxxeh/public_html/app/Helpers/PhoneHelper.php:17)
[stacktrace]
#0 /home/1476201.cloudwaysapps.com/udhewsxxeh/public_html/app/Console/Commands/WeeklyDrawReminder.php(100): App\\Helpers\\PhoneHelper::detectCountry()
#1 /home/1476201.cloudwaysapps.com/udhewsxxeh/public_html/vendor/laravel/framework/src/Illuminate/Container/BoundMethod.php(36): App\\Console\\Commands\\WeeklyDrawReminder->handle()
#2 /home/1476201.cloudwaysapps.com/udhewsxxeh/public_html/vendor/laravel/framework/src/Illuminate/Container/Util.php(41): Illuminate\\Container\\BoundMethod::Illuminate\\Container\\{closure}()
#3 /home/1476201.cloudwaysapps.com/udhewsxxeh/public_html/vendor/laravel/framework/src/Illuminate/Container/BoundMethod.php(93): Illuminate\\Container\\Util::unwrapIfClosure()
#4 /home/1476201.cloudwaysapps.com/udhewsxxeh/public_html/vendor/laravel/framework/src/Illuminate/Container/BoundMethod.php(35): Illuminate\\Container\\BoundMethod::callBoundMethod()
#5 /home/1476201.cloudwaysapps.com/udhewsxxeh/public_html/vendor/laravel/framework/src/Illuminate/Container/Container.php(662): Illuminate\\Container\\BoundMethod::call()
#6 /home/1476201.cloudwaysapps.com/udhewsxxeh/public_html/vendor/laravel/framework/src/Illuminate/Console/Command.php(211): Illuminate\\Container\\Container->call()
#7 /home/1476201.cloudwaysapps.com/udhewsxxeh/public_html/vendor/symfony/console/Command/Command.php(326): Illuminate\\Console\\Command->execute()
#8 /home/1476201.cloudwaysapps.com/udhewsxxeh/public_html/vendor/laravel/framework/src/Illuminate/Console/Command.php(180): Symfony\\Component\\Console\\Command\\Command->run()
#9 /home/1476201.cloudwaysapps.com/udhewsxxeh/public_html/vendor/symfony/console/Application.php(1096): Illuminate\\Console\\Command->run()
#10 /home/1476201.cloudwaysapps.com/udhewsxxeh/public_html/vendor/symfony/console/Application.php(324): Symfony\\Component\\Console\\Application->doRunCommand()
#11 /home/1476201.cloudwaysapps.com/udhewsxxeh/public_html/vendor/symfony/console/Application.php(175): Symfony\\Component\\Console\\Application->doRun()
#12 /home/1476201.cloudwaysapps.com/udhewsxxeh/public_html/vendor/laravel/framework/src/Illuminate/Foundation/Console/Kernel.php(201): Symfony\\Component\\Console\\Application->run()
#13 /home/1476201.cloudwaysapps.com/udhewsxxeh/public_html/artisan(35): Illuminate\\Foundation\\Console\\Kernel->handle()
#14 {main}
"} 
[2026-03-31 20:57:31] production.INFO: Instagram Token Successfully Refreshed ✅  
[2026-03-31 20:58:39] production.INFO: Instagram Token Successfully Refreshed ✅  
[2026-03-31 21:10:09] production.INFO: Instagram Token Successfully Refreshed ✅  
[2026-03-31 21:51:21] production.INFO: Instagram Token Successfully Refreshed ✅  
[2026-03-31 22:05:33] production.INFO: Instagram Token Successfully Refreshed ✅  
[2026-03-31 22:05:33] production.ERROR: Class "App\Console\Commands\Cache" not found {"exception":"[object] (Error(code: 0): Class \"App\\Console\\Commands\\Cache\" not found at /home/1476201.cloudwaysapps.com/udhewsxxeh/public_html/app/Console/Commands/RefreshInstagramToken.php:20)
[stacktrace]
#0 /home/1476201.cloudwaysapps.com/udhewsxxeh/public_html/vendor/laravel/framework/src/Illuminate/Container/BoundMethod.php(36): App\\Console\\Commands\\RefreshInstagramToken->handle()
#1 /home/1476201.cloudwaysapps.com/udhewsxxeh/public_html/vendor/laravel/framework/src/Illuminate/Container/Util.php(41): Illuminate\\Container\\BoundMethod::Illuminate\\Container\\{closure}()
#2 /home/1476201.cloudwaysapps.com/udhewsxxeh/public_html/vendor/laravel/framework/src/Illuminate/Container/BoundMethod.php(93): Illuminate\\Container\\Util::unwrapIfClosure()
#3 /home/1476201.cloudwaysapps.com/udhewsxxeh/public_html/vendor/laravel/framework/src/Illuminate/Container/BoundMethod.php(35): Illuminate\\Container\\BoundMethod::callBoundMethod()
#4 /home/1476201.cloudwaysapps.com/udhewsxxeh/public_html/vendor/laravel/framework/src/Illuminate/Container/Container.php(662): Illuminate\\Container\\BoundMethod::call()
#5 /home/1476201.cloudwaysapps.com/udhewsxxeh/public_html/vendor/laravel/framework/src/Illuminate/Console/Command.php(211): Illuminate\\Container\\Container->call()
#6 /home/1476201.cloudwaysapps.com/udhewsxxeh/public_html/vendor/symfony/console/Command/Command.php(326): Illuminate\\Console\\Command->execute()
#7 /home/1476201.cloudwaysapps.com/udhewsxxeh/public_html/vendor/laravel/framework/src/Illuminate/Console/Command.php(180): Symfony\\Component\\Console\\Command\\Command->run()
#8 /home/1476201.cloudwaysapps.com/udhewsxxeh/public_html/vendor/symfony/console/Application.php(1096): Illuminate\\Console\\Command->run()
#9 /home/1476201.cloudwaysapps.com/udhewsxxeh/public_html/vendor/symfony/console/Application.php(324): Symfony\\Component\\Console\\Application->doRunCommand()
#10 /home/1476201.cloudwaysapps.com/udhewsxxeh/public_html/vendor/symfony/console/Application.php(175): Symfony\\Component\\Console\\Application->doRun()
#11 /home/1476201.cloudwaysapps.com/udhewsxxeh/public_html/vendor/laravel/framework/src/Illuminate/Foundation/Console/Kernel.php(201): Symfony\\Component\\Console\\Application->run()
#12 /home/1476201.cloudwaysapps.com/udhewsxxeh/public_html/artisan(35): Illuminate\\Foundation\\Console\\Kernel->handle()
#13 {main}
"} 
[2026-03-31 22:06:05] production.INFO: Instagram Token Successfully Refreshed ✅  
[2026-03-31 22:06:52] production.INFO: Instagram Token Successfully Refreshed ✅  
[2026-04-01 00:32:08] production.INFO: PayPal Webhook received: PAYMENT.SALE.COMPLETED {"resource_id":"3SX832912N820371F"} 
[2026-04-01 00:32:08] production.INFO: PayPal PAYMENT.SALE.COMPLETED — billing_agreement_id: I-98SYMGAC0X02  
[2026-04-01 00:32:11] production.INFO: PayPal subscription details: {"outstanding_balance":{"currency_code":"AUD","value":"0.0"},"cycle_executions":[{"tenure_type":"REGULAR","sequence":1,"cycles_completed":8,"cycles_remaining":0,"current_pricing_scheme_version":1,"total_cycles":0}],"current_cycle_sequence":1,"last_payment":{"amount":{"currency_code":"AUD","value":"5.0"},"time":"2026-03-31T13:31:57Z"},"next_billing_time":"2026-04-01T10:00:00Z","failed_payments_count":0}  
[2026-04-01 00:32:11] production.INFO: ends_at updated — user: 13b066bb-5371-45a2-8f57-d284a96f26b4 ends_at: 2026-04-01 10:00:00 source: paypal_api  
[2026-04-01 00:32:11] production.INFO: PrizeDrawEntry created — user 13b066bb-5371-45a2-8f57-d284a96f26b4 entries: 4  
[2026-04-01 00:47:38] production.INFO: PayPal Webhook received: PAYMENT.SALE.COMPLETED {"resource_id":"4JW48264DT985350A"} 
[2026-04-01 00:47:38] production.INFO: PayPal PAYMENT.SALE.COMPLETED — billing_agreement_id: I-5C3MVAB5F798  
[2026-04-01 00:47:40] production.INFO: PayPal subscription details: {"outstanding_balance":{"currency_code":"AUD","value":"0.0"},"cycle_executions":[{"tenure_type":"REGULAR","sequence":1,"cycles_completed":2,"cycles_remaining":0,"current_pricing_scheme_version":1,"total_cycles":0}],"current_cycle_sequence":1,"last_payment":{"amount":{"currency_code":"AUD","value":"5.0"},"time":"2026-03-31T13:47:23Z"},"next_billing_time":"2026-04-07T10:00:00Z","failed_payments_count":0}  
[2026-04-01 00:47:40] production.INFO: ends_at updated — user: 13b066bb-5371-45a2-8f57-d284a96f26b4 ends_at: 2026-04-07 10:00:00 source: paypal_api  
[2026-04-01 00:47:40] production.INFO: PrizeDrawEntry created — user 13b066bb-5371-45a2-8f57-d284a96f26b4 entries: 4  
[2026-04-01 21:51:23] production.INFO: PayPal Webhook received: PAYMENT.SALE.COMPLETED {"resource_id":"0PF90424EX5246607"} 
[2026-04-01 21:51:23] production.INFO: PayPal PAYMENT.SALE.COMPLETED — billing_agreement_id: I-98SYMGAC0X02  
[2026-04-01 21:51:25] production.INFO: PayPal subscription details: {"outstanding_balance":{"currency_code":"AUD","value":"0.0"},"cycle_executions":[{"tenure_type":"REGULAR","sequence":1,"cycles_completed":9,"cycles_remaining":0,"current_pricing_scheme_version":1,"total_cycles":0}],"current_cycle_sequence":1,"last_payment":{"amount":{"currency_code":"AUD","value":"5.0"},"time":"2026-04-01T10:51:13Z"},"next_billing_time":"2026-04-02T10:00:00Z","failed_payments_count":0}  
[2026-04-01 21:51:25] production.INFO: ends_at updated — user: 13b066bb-5371-45a2-8f57-d284a96f26b4 ends_at: 2026-04-02 10:00:00 source: paypal_api  
[2026-04-01 21:51:25] production.INFO: PrizeDrawEntry created — user 13b066bb-5371-45a2-8f57-d284a96f26b4 entries: 4  
